   Compiling tamux-daemon v0.3.8 (/home/mkurman/gitlab/it/cmux-next/crates/amux-daemon)
warning: unused import: `super::*`
 --> crates/amux-daemon/src/agent/llm_client/tests/part1.rs:1:9
  |
1 |     use super::*;
  |         ^^^^^^^^
  |
  = note: `#[warn(unused_imports)]` (part of `#[warn(unused)]`) on by default

warning: unused imports: `CONCIERGE_AGENT_ALIAS` and `MAIN_AGENT_ALIAS`
  --> crates/amux-daemon/src/agent/tool_executor/prelude.rs:22:5
   |
22 |     CONCIERGE_AGENT_ALIAS, CONCIERGE_AGENT_ID, CONCIERGE_AGENT_NAME, MAIN_AGENT_ALIAS,
   |     ^^^^^^^^^^^^^^^^^^^^^                                            ^^^^^^^^^^^^^^^^

warning: unused import: `super::aline_available`
  --> crates/amux-daemon/src/agent/tool_executor/prelude.rs:25:16
   |
25 | pub(super) use super::aline_available;
   |                ^^^^^^^^^^^^^^^^^^^^^^

warning: unused imports: `WelesReviewMeta` and `WelesVerdict`
  --> crates/amux-daemon/src/agent/tool_executor/prelude.rs:36:55
   |
36 | ...proval, ToolResult, WelesReviewMeta, WelesVerdict,
   |                        ^^^^^^^^^^^^^^^  ^^^^^^^^^^^^

warning: unused import: `super::*`
 --> crates/amux-daemon/src/agent/types/tests/part1.rs:1:5
  |
1 | use super::*;
  |     ^^^^^^^^

warning: unused import: `PROVIDER_ID_GROQ`
 --> crates/amux-daemon/src/agent/config/../tests/config/builtin_registry.rs:2:53
  |
2 | use amux_shared::providers::{PROVIDER_ID_ANTHROPIC, PROVIDER_ID_GROQ, PRO...
  |                                                     ^^^^^^^^^^^^^^^^

warning: unused import: `DEFAULT_BUDGET_SECS`
  --> crates/amux-daemon/src/agent/consolidation.rs:10:58
   |
10 | ..._idle_for_consolidation, DEFAULT_BUDGET_SECS,
   |                             ^^^^^^^^^^^^^^^^^^^

warning: unused import: `super::*`
 --> crates/amux-daemon/src/agent/goal_parsing/parsing.rs:1:5
  |
1 | use super::*;
  |     ^^^^^^^^

warning: unused import: `repair_json`
  --> crates/amux-daemon/src/agent/goal_parsing.rs:14:23
   |
14 |     parse_yaml_block, repair_json,
   |                       ^^^^^^^^^^^

warning: unused import: `crate::history::AuditEntryRow`
  --> crates/amux-daemon/src/agent/heartbeat.rs:13:5
   |
13 | use crate::history::AuditEntryRow;
   |     ^^^^^^^^^^^^^^^^^^^^^^^^^^^^^

warning: unused import: `amux_shared::providers::PROVIDER_ID_GITHUB_COPILOT`
   --> crates/amux-daemon/src/agent/tests/messaging/part1.rs:180:9
    |
180 |     use amux_shared::providers::PROVIDER_ID_GITHUB_COPILOT;
    |         ^^^^^^^^^^^^^^^^^^^^^^^^^^^^^^^^^^^^^^^^^^^^^^^^^^

warning: unused import: `PROVIDER_ID_ALIBABA_CODING_PLAN`
 --> crates/amux-daemon/src/agent/provider_resolution.rs:3:5
  |
3 |     PROVIDER_ID_ALIBABA_CODING_PLAN, PROVIDER_ID_CUSTOM, PROVIDER_ID_GITH...
  |     ^^^^^^^^^^^^^^^^^^^^^^^^^^^^^^^

warning: unused import: `amux_shared::providers::PROVIDER_ID_OPENAI`
   --> crates/amux-daemon/src/agent/stalled_turns/tests.rs:148:17
    |
148 |             use amux_shared::providers::PROVIDER_ID_OPENAI;
    |                 ^^^^^^^^^^^^^^^^^^^^^^^^^^^^^^^^^^^^^^^^^^

warning: unused imports: `current_task_lane_key`, `subagent_parent_key`, `task_enforces_workspace_lock`, `task_lane_key`, `task_priority_rank`, and `task_workspace_key`
  --> crates/amux-daemon/src/agent/task_scheduler.rs:12:30
   |
12 |     compute_task_backoff_ms, current_task_lane_key, describe_scheduled_time,
   |                              ^^^^^^^^^^^^^^^^^^^^^
13 |     is_task_terminal_status, make_task_log_entry, refresh_task_queue_state,
14 |     select_ready_task_indices, status_message, subagent_parent_key, task_enforces_workspace_lock,
   |                                                ^^^^^^^^^^^^^^^^^^^  ^^^^^^^^^^^^^^^^^^^^^^^^^^^^
15 |     task_lane_key, task_priority_rank, task_workspace_key,
   |     ^^^^^^^^^^^^^  ^^^^^^^^^^^^^^^^^^  ^^^^^^^^^^^^^^^^^^

warning: unused import: `run_generated_tool_json_wrappers`
  --> crates/amux-daemon/src/agent/tool_synthesis.rs:17:56
   |
17 | ...i_generated_tool, run_generated_tool_json_wrappers,
   |                      ^^^^^^^^^^^^^^^^^^^^^^^^^^^^^^^^

warning: unused imports: `persisted_state_from_history_row` and `persisted_state_into_history_row`
   --> crates/amux-daemon/src/agent/whatsapp_link.rs:228:5
    |
228 |     persisted_state_from_history_row, persisted_state_into_history_row,
    |     ^^^^^^^^^^^^^^^^^^^^^^^^^^^^^^^^  ^^^^^^^^^^^^^^^^^^^^^^^^^^^^^^^^

warning: unused import: `spawn_sidecar`
   --> crates/amux-daemon/src/agent/whatsapp_link.rs:232:77
    |
232 | ... normalize_sidecar_stderr, spawn_sidecar};
    |                               ^^^^^^^^^^^^^

warning: unused imports: `PathBuf` and `Path`
 --> crates/amux-daemon/src/agent/whatsapp_native.rs:1:17
  |
1 | use std::path::{Path, PathBuf};
  |                 ^^^^  ^^^^^^^

warning: unused import: `amux_protocol::parse_whatsapp_allowed_contacts`
 --> crates/amux-daemon/src/agent/whatsapp_native.rs:5:5
  |
5 | use amux_protocol::parse_whatsapp_allowed_contacts;
  |     ^^^^^^^^^^^^^^^^^^^^^^^^^^^^^^^^^^^^^^^^^^^^^^

warning: unused import: `parse_tamux_device_version`
  --> crates/amux-daemon/src/agent/whatsapp_native.rs:33:45
   |
33 | ...y_active_if_cursors, parse_tamux_device_version, parse_whatsapp_cursor,
   |                         ^^^^^^^^^^^^^^^^^^^^^^^^^^

warning: unused import: `CausalStep`
 --> crates/amux-daemon/src/agent/episodic/retrieval.rs:6:13
  |
6 | use super::{CausalStep, Episode, EpisodeOutcome, EpisodeType};
  |             ^^^^^^^^^^

warning: unused import: `super::super::collaboration::Disagreement`
 --> crates/amux-daemon/src/agent/handoff/divergent.rs:9:5
  |
9 | use super::super::collaboration::Disagreement;
  |     ^^^^^^^^^^^^^^^^^^^^^^^^^^^^^^^^^^^^^^^^^

warning: unused import: `HandoffEscalationRule`
 --> crates/amux-daemon/src/agent/handoff/profiles.rs:3:28
  |
3 | use super::{CapabilityTag, HandoffEscalationRule, Proficiency, Specialist...
  |                            ^^^^^^^^^^^^^^^^^^^^^

warning: unused imports: `AlineDiscoveredSession`, `AlineStartupSummary`, `IMPORT_TIMEOUT`, `RECONCILIATION_BUDGET`, `SessionListJson`, `StartupCommandOutput`, `StartupCommandSpec`, `StartupSelectionPolicy`, `TRACKED_POLL_INTERVAL`, `TRACKED_POLL_MAX_ATTEMPTS`, `TokioStartupCommandRunner`, `WATCHER_COMMAND_TIMEOUT`, `WatcherStatus`, `parse_session_list_json`, `parse_watcher_status`, `repo_root_basename`, `repo_root_matches_project_name`, and `select_import_candidates`
   --> crates/amux-daemon/src/agent/mod.rs:104:5
    |
104 |     parse_session_list_json, parse_watcher_status, repo_root_basename,
    |     ^^^^^^^^^^^^^^^^^^^^^^^  ^^^^^^^^^^^^^^^^^^^^  ^^^^^^^^^^^^^^^^^^
105 |     repo_root_matches_project_name, select_import_candidates, AlineDiscoveredSession,
    |     ^^^^^^^^^^^^^^^^^^^^^^^^^^^^^^  ^^^^^^^^^^^^^^^^^^^^^^^^  ^^^^^^^^^^^^^^^^^^^^^^
106 |     AlineStartupShortCircuitReason, AlineStartupSummary, SessionListJson, StartupCommandOutput,
    |                                     ^^^^^^^^^^^^^^^^^^^  ^^^^^^^^^^^^^^^  ^^^^^^^^^^^^^^^^^^^^
107 |     StartupCommandRunner, StartupCommandSpec, StartupSelectionPolicy, TokioStartupCommandRunner,
    |                           ^^^^^^^^^^^^^^^^^^  ^^^^^^^^^^^^^^^^^^^^^^  ^^^^^^^^^^^^^^^^^^^^^^^^^
108 |     WatcherState, WatcherStatus, IMPORT_TIMEOUT, RECONCILIATION_BUDGET, TRACKED_POLL_INTERVAL,
    |                   ^^^^^^^^^^^^^  ^^^^^^^^^^^^^^  ^^^^^^^^^^^^^^^^^^^^^  ^^^^^^^^^^^^^^^^^^^^^
109 |     TRACKED_POLL_MAX_ATTEMPTS, WATCHER_COMMAND_TIMEOUT,
    |     ^^^^^^^^^^^^^^^^^^^^^^^^^  ^^^^^^^^^^^^^^^^^^^^^^^

warning: unused import: `capability_tier::*`
   --> crates/amux-daemon/src/agent/mod.rs:116:5
    |
116 | use capability_tier::*;
    |     ^^^^^^^^^^^^^^^^^^

warning: unused import: `notifications::*`
   --> crates/amux-daemon/src/agent/mod.rs:127:5
    |
127 | use notifications::*;
    |     ^^^^^^^^^^^^^^^^

warning: unused import: `merge_persisted_state_update`
   --> crates/amux-daemon/src/agent/mod.rs:166:68
    |
166 | ...ted_provider_state, merge_persisted_state_update,
    |                        ^^^^^^^^^^^^^^^^^^^^^^^^^^^^

warning: unused imports: `detect_zfs_dataset` and `is_btrfs`
  --> crates/amux-daemon/src/snapshot.rs:16:39
   |
16 | use detect::{detect_snapshot_backend, detect_zfs_dataset, is_btrfs};
   |                                       ^^^^^^^^^^^^^^^^^^  ^^^^^^^^

warning: unused imports: `SnapshotRetentionConfig`, `SnapshotStats`, `cleanup_orphaned_files`, `delete_snapshot`, `enforce_retention`, and `get_snapshot_stats`
  --> crates/amux-daemon/src/snapshot.rs:18:5
   |
18 |     cleanup_orphaned_files, delete_snapshot, enforce_retention, get_snapshot_stats,
   |     ^^^^^^^^^^^^^^^^^^^^^^  ^^^^^^^^^^^^^^^  ^^^^^^^^^^^^^^^^^  ^^^^^^^^^^^^^^^^^^
19 |     SnapshotRetentionConfig, SnapshotStats, SnapshotStore,
   |     ^^^^^^^^^^^^^^^^^^^^^^^  ^^^^^^^^^^^^^

warning: use of deprecated method `tempfile::TempDir::into_path`: use TempDir::keep()
   --> crates/amux-daemon/src/agent/stalled_turns/tests.rs:156:59
    |
156 |     let root = tempdir().expect("tempdir should succeed").into_path();
    |                                                           ^^^^^^^^^
    |
    = note: `#[warn(deprecated)]` on by default

warning: variable does not need to be mutable
   --> crates/amux-daemon/src/history/audit.rs:133:21
    |
133 |                 let mut stmt = conn.prepare(&sql)?;
    |                     ----^^^^
    |                     |
    |                     help: remove this `mut`
    |
    = note: `#[warn(unused_mut)]` (part of `#[warn(unused)]`) on by default

warning: variable does not need to be mutable
   --> crates/amux-daemon/src/history/audit.rs:136:21
    |
136 |                 let mut param_idx = 1;
    |                     ----^^^^^^^^^
    |                     |
    |                     help: remove this `mut`

warning: variable does not need to be mutable
   --> crates/amux-daemon/src/history/audit.rs:137:21
    |
137 | ...   let mut params: Vec<Box<dyn rusqlite::types::ToSql>> = Vec::new();
    |           ----^^^^^^
    |           |
    |           help: remove this `mut`

warning: use of deprecated associated function `handlebars::RenderError::new`: Use RenderErrorReason instead
   --> crates/amux-daemon/src/plugin/template.rs:178:37
    |
178 |         .ok_or_else(|| RenderError::new("urlencode: missing parameter"))?;
    |                                     ^^^

warning: use of deprecated associated function `handlebars::RenderError::new`: Use RenderErrorReason instead
   --> crates/amux-daemon/src/plugin/template.rs:197:37
    |
197 |         .ok_or_else(|| RenderError::new("json: missing parameter"))?;
    |                                     ^^^

warning: use of deprecated associated function `handlebars::RenderError::new`: Use RenderErrorReason instead
   --> crates/amux-daemon/src/plugin/template.rs:199:35
    |
199 | ...   .map_err(|e| RenderError::new(format!("json: serialization error:...
    |                                 ^^^

warning: use of deprecated associated function `handlebars::RenderError::new`: Use RenderErrorReason instead
   --> crates/amux-daemon/src/plugin/template.rs:214:37
    |
214 |         .ok_or_else(|| RenderError::new("default: missing parameter"))?;
    |                                     ^^^

warning: use of deprecated associated function `handlebars::RenderError::new`: Use RenderErrorReason instead
   --> crates/amux-daemon/src/plugin/template.rs:217:37
    |
217 | ...   .ok_or_else(|| RenderError::new("default: missing fallback parame...
    |                                   ^^^

warning: use of deprecated associated function `handlebars::RenderError::new`: Use RenderErrorReason instead
   --> crates/amux-daemon/src/plugin/template.rs:241:37
    |
241 |         .ok_or_else(|| RenderError::new("truncate: missing parameter"))?;
    |                                     ^^^

warning: use of deprecated associated function `handlebars::RenderError::new`: Use RenderErrorReason instead
   --> crates/amux-daemon/src/plugin/template.rs:244:41
    |
244 | ...   .ok_or_else(|| RenderError::new("truncate: missing length paramet...
    |                                   ^^^

warning: use of deprecated associated function `handlebars::RenderError::new`: Use RenderErrorReason instead
   --> crates/amux-daemon/src/plugin/template.rs:247:41
    |
247 | ...   .ok_or_else(|| RenderError::new("truncate: length must be a numbe...
    |                                   ^^^

warning: use of deprecated associated function `handlebars::RenderError::new`: Use RenderErrorReason instead
   --> crates/amux-daemon/src/plugin/template.rs:272:37
    |
272 |         .ok_or_else(|| RenderError::new("join: missing parameter"))?;
    |                                     ^^^

warning: use of deprecated associated function `handlebars::RenderError::new`: Use RenderErrorReason instead
   --> crates/amux-daemon/src/plugin/template.rs:275:37
    |
275 | ...   .ok_or_else(|| RenderError::new("join: missing separator paramete...
    |                                   ^^^

warning: use of deprecated associated function `handlebars::RenderError::new`: Use RenderErrorReason instead
   --> crates/amux-daemon/src/plugin/template.rs:283:37
    |
283 | ...   .ok_or_else(|| RenderError::new("join: first parameter must be an...
    |                                   ^^^

warning: unused import: `StartupCommandRunner`
   --> crates/amux-daemon/src/agent/mod.rs:107:5
    |
107 |     StartupCommandRunner, StartupCommandSpec, StartupSelectionPolicy, T...
    |     ^^^^^^^^^^^^^^^^^^^^

warning: value assigned to `saw_terminal_event` is never read
   --> crates/amux-daemon/src/agent/llm_client/openai_sse.rs:589:21
    |
589 |                     saw_terminal_event = true;
    |                     ^^^^^^^^^^^^^^^^^^^^^^^^^
    |
    = help: maybe it is overwritten before being read?
    = note: `#[warn(unused_assignments)]` (part of `#[warn(unused)]`) on by default

warning: value assigned to `saw_terminal_event` is never read
   --> crates/amux-daemon/src/agent/llm_client/openai_sse.rs:612:21
    |
612 |                     saw_terminal_event = true;
    |                     ^^^^^^^^^^^^^^^^^^^^^^^^^
    |
    = help: maybe it is overwritten before being read?

warning: value assigned to `saw_terminal_event` is never read
   --> crates/amux-daemon/src/agent/llm_client/openai_sse.rs:641:21
    |
641 |                     saw_terminal_event = true;
    |                     ^^^^^^^^^^^^^^^^^^^^^^^^^
    |
    = help: maybe it is overwritten before being read?

warning: unused variable: `base_url`
   --> crates/amux-daemon/src/agent/llm_client/openai_transport.rs:223:5
    |
223 |     base_url: &str,
    |     ^^^^^^^^ help: if this is intentional, prefix it with an underscore: `_base_url`
    |
    = note: `#[warn(unused_variables)]` (part of `#[warn(unused)]`) on by default

warning: unused variable: `message`
   --> crates/amux-daemon/src/agent/llm_client/openai_runtime.rs:162:18
    |
162 |         .filter(|message| {
    |                  ^^^^^^^ help: if this is intentional, prefix it with an underscore: `_message`

warning: unused variable: `agent_data_dir`
 --> crates/amux-daemon/src/agent/tool_executor/catalog/part_a.rs:4:5
  |
4 |     agent_data_dir: &std::path::Path,
  |     ^^^^^^^^^^^^^^ help: if this is intentional, prefix it with an underscore: `_agent_data_dir`

warning: unused variable: `has_workspace_topology`
 --> crates/amux-daemon/src/agent/tool_executor/catalog/part_a.rs:5:5
  |
5 |     has_workspace_topology: bool,
  |     ^^^^^^^^^^^^^^^^^^^^^^ help: if this is intentional, prefix it with an underscore: `_has_workspace_topology`

warning: unused variable: `agent_data_dir`
 --> crates/amux-daemon/src/agent/tool_executor/catalog/part_b.rs:4:5
  |
4 |     agent_data_dir: &std::path::Path,
  |     ^^^^^^^^^^^^^^ help: if this is intentional, prefix it with an underscore: `_agent_data_dir`

warning: unused variable: `agent_data_dir`
 --> crates/amux-daemon/src/agent/tool_executor/catalog/part_c.rs:4:5
  |
4 |     agent_data_dir: &std::path::Path,
  |     ^^^^^^^^^^^^^^ help: if this is intentional, prefix it with an underscore: `_agent_data_dir`

warning: unused variable: `has_workspace_topology`
 --> crates/amux-daemon/src/agent/tool_executor/catalog/part_c.rs:5:5
  |
5 |     has_workspace_topology: bool,
  |     ^^^^^^^^^^^^^^^^^^^^^^ help: if this is intentional, prefix it with an underscore: `_has_workspace_topology`

warning: unused variable: `has_workspace_topology`
 --> crates/amux-daemon/src/agent/tool_executor/catalog/part_d.rs:5:5
  |
5 |     has_workspace_topology: bool,
  |     ^^^^^^^^^^^^^^^^^^^^^^ help: if this is intentional, prefix it with an underscore: `_has_workspace_topology`

warning: value assigned to `should_persist` is never read
   --> crates/amux-daemon/src/agent/thread_handoffs.rs:320:34
    |
320 |         let mut should_persist = false;
    |                                  ^^^^^
    |
    = help: maybe it is overwritten before being read?

warning: unused variable: `outcome`
  --> crates/amux-daemon/src/history/skill_variants.rs:27:13
   |
27 |         let outcome = outcome.to_string();
   |             ^^^^^^^ help: if this is intentional, prefix it with an underscore: `_outcome`

warning: unused variable: `path`
  --> crates/amux-daemon/src/history/skill_generation.rs:81:13
   |
81 |         let path = path.clone();
   |             ^^^^ help: if this is intentional, prefix it with an underscore: `_path`

warning: unused variable: `skill`
   --> crates/amux-daemon/src/history/skill_generation.rs:239:13
    |
239 |         let skill = skill.to_string();
    |             ^^^^^ help: if this is intentional, prefix it with an underscore: `_skill`

warning: unused variable: `policy`
   --> crates/amux-daemon/src/agent/aline_startup.rs:753:5
    |
753 |     policy: StartupSelectionPolicy,
    |     ^^^^^^ help: if this is intentional, prefix it with an underscore: `_policy`

warning: variable does not need to be mutable
    --> crates/amux-daemon/src/agent/agent_loop/tests/part2.rs:1535:9
     |
1535 |     let mut task = tokio::spawn({
     |         ----^^^^
     |         |
     |         help: remove this `mut`

warning: unused variable: `param_idx`
   --> crates/amux-daemon/src/history/audit.rs:136:21
    |
136 |                 let mut param_idx = 1;
    |                     ^^^^^^^^^^^^^ help: if this is intentional, prefix it with an underscore: `_param_idx`

warning: unused variable: `value`
   --> crates/amux-daemon/src/history/core.rs:100:13
    |
100 |         let value = value.clone();
    |             ^^^^^ help: if this is intentional, prefix it with an underscore: `_value`

warning: unused variable: `thread_id`
  --> crates/amux-daemon/src/agent/gateway_loop/message_helpers.rs:13:9
   |
13 |         thread_id: &str,
   |         ^^^^^^^^^ help: if this is intentional, prefix it with an underscore: `_thread_id`

warning: variable `truncated` is assigned to, but never used
   --> crates/amux-daemon/src/agent/task_crud.rs:664:13
    |
664 |         let mut truncated = false;
    |             ^^^^^^^^^^^^^
    |
    = note: consider using `_truncated` instead

warning: value assigned to `truncated` is never read
   --> crates/amux-daemon/src/agent/task_crud.rs:668:17
    |
668 |                 truncated |= goal_truncated;
    |                 ^^^^^^^^^^^^^^^^^^^^^^^^^^^
    |
    = help: maybe it is overwritten before being read?

warning: value assigned to `truncated` is never read
   --> crates/amux-daemon/src/agent/task_crud.rs:671:17
    |
671 |                 truncated = true;
    |                 ^^^^^^^^^^^^^^^^
    |
    = help: maybe it is overwritten before being read?

warning: unreachable pattern
   --> crates/amux-daemon/src/agent/thread_handoffs.rs:188:29
    |
188 |         SWAROZYC_AGENT_ID | "swarozyc" => Some((
    |         -----------------   ^^^^^^^^^^ no value can reach this
    |         |
    |         matches all the relevant values
    |
    = note: `#[warn(unreachable_patterns)]` (part of `#[warn(unused)]`) on by default

warning: unreachable pattern
   --> crates/amux-daemon/src/agent/thread_handoffs.rs:192:29
    |
192 |         RADOGOST_AGENT_ID | "radogost" => Some((
    |         -----------------   ^^^^^^^^^^ no value can reach this
    |         |
    |         matches all the relevant values

warning: unreachable pattern
   --> crates/amux-daemon/src/agent/thread_handoffs.rs:196:28
    |
196 |         DOMOWOJ_AGENT_ID | "domowoj" => {
    |         ----------------   ^^^^^^^^^ no value can reach this
    |         |
    |         matches all the relevant values

warning: unreachable pattern
   --> crates/amux-daemon/src/agent/thread_handoffs.rs:199:30
    |
199 |         SWIETOWIT_AGENT_ID | "swietowit" => Some((
    |         ------------------   ^^^^^^^^^^^ no value can reach this
    |         |
    |         matches all the relevant values

warning: unreachable pattern
   --> crates/amux-daemon/src/agent/thread_handoffs.rs:203:24
    |
203 | ...   ROD_AGENT_ID | "rod" => Some((ROD_AGENT_ID.to_string(), ROD_AGENT...
    |       ------------   ^^^^^ no value can reach this
    |       |
    |       matches all the relevant values

warning: unreachable pattern
   --> crates/amux-daemon/src/agent/thread_handoffs.rs:204:26
    |
204 |         WELES_AGENT_ID | "weles" => {
    |         --------------   ^^^^^^^ no value can reach this
    |         |
    |         matches all the relevant values

warning: value assigned to `forced_stop_kill_error` is never read
  --> crates/amux-daemon/src/agent/whatsapp_link/runtime_core.rs:41:42
   |
41 |         let mut forced_stop_kill_error = None::<String>;
   |                                          ^^^^^^^^^^^^^^
   |
   = help: maybe it is overwritten before being read?

warning: value assigned to `whatsapp_link_snapshot_replayed` is never read
   --> crates/amux-daemon/src/server/dispatch_part10.rs:143:21
    |
143 |                     whatsapp_link_snapshot_replayed = false;
    |                     ^^^^^^^^^^^^^^^^^^^^^^^^^^^^^^^^^^^^^^^
    |
    = help: maybe it is overwritten before being read?

warning: type `CompletionRequestOptions` is more private than the item `send_completion_request_with_options`
   --> crates/amux-daemon/src/agent/llm_client/public_api.rs:153:1
    |
153 | / pub fn send_completion_request_with_options(
154 | |     client: &reqwest::Client,
155 | |     provider: &str,
156 | |     config: &ProviderConfig,
...   |
164 | |     options: CompletionRequestOptions,
165 | | ) -> CompletionStream {
    | |_____________________^ function `send_completion_request_with_options` is reachable at visibility `pub`
    |
note: but type `CompletionRequestOptions` is only usable at visibility `pub(crate)`
   --> crates/amux-daemon/src/agent/llm_client/public_api.rs:120:1
    |
120 | pub(crate) struct CompletionRequestOptions {
    | ^^^^^^^^^^^^^^^^^^^^^^^^^^^^^^^^^^^^^^^^^^
    = note: `#[warn(private_interfaces)]` on by default

warning: type `agent::llm_client::OpenAiResponsesTerminalResponse` is more private than the item `agent::types::CompletionOpenAiResponsesFinalResult::response`
   --> crates/amux-daemon/src/agent/types/heartbeat_misc.rs:362:5
    |
362 |     pub response: Option<OpenAiResponsesTerminalResponse>,
    |     ^^^^^^^^^^^^^^^^^^^^^^^^^^^^^^^^^^^^^^^^^^^^^^^^^^^^^ field `agent::types::CompletionOpenAiResponsesFinalResult::response` is reachable at visibility `pub`
    |
note: but type `agent::llm_client::OpenAiResponsesTerminalResponse` is only usable at visibility `pub(crate)`
   --> crates/amux-daemon/src/agent/llm_client/openai_responses_protocol.rs:139:1
    |
139 | pub(crate) struct OpenAiResponsesTerminalResponse {
    | ^^^^^^^^^^^^^^^^^^^^^^^^^^^^^^^^^^^^^^^^^^^^^^^^^

warning: type `operator_model::model::OperatorProfileSessionStarted` is more private than the item `operator_model::profile::<impl agent::engine::AgentEngine>::start_operator_profile_session`
   --> crates/amux-daemon/src/agent/operator_model/profile.rs:203:5
    |
203 | /     pub async fn start_operator_profile_session(
204 | |         &self,
205 | |         kind: &str,
206 | |     ) -> Result<OperatorProfileSessionStarted> {
    | |______________________________________________^ method `operator_model::profile::<impl agent::engine::AgentEngine>::start_operator_profile_session` is reachable at visibility `pub`
    |
note: but type `operator_model::model::OperatorProfileSessionStarted` is only usable at visibility `pub(crate)`
   --> crates/amux-daemon/src/agent/operator_model/model.rs:74:1
    |
 74 | pub(crate) struct OperatorProfileSessionStarted {
    | ^^^^^^^^^^^^^^^^^^^^^^^^^^^^^^^^^^^^^^^^^^^^^^^

warning: type `operator_model::model::OperatorProfileQuestionPayload` is more private than the item `operator_model::profile::<impl agent::engine::AgentEngine>::next_operator_profile_question_for_session`
   --> crates/amux-daemon/src/agent/operator_model/profile.rs:233:5
    |
233 | /     pub async fn next_operator_profile_question_for_session(
234 | |         &self,
235 | |         session_id: &str,
236 | |     ) -> Result<(
237 | |         Option<OperatorProfileQuestionPayload>,
238 | |         OperatorProfileProgressPayload,
239 | |     )> {
    | |______^ method `operator_model::profile::<impl agent::engine::AgentEngine>::next_operator_profile_question_for_session` is reachable at visibility `pub`
    |
note: but type `operator_model::model::OperatorProfileQuestionPayload` is only usable at visibility `pub(crate)`
   --> crates/amux-daemon/src/agent/operator_model/model.rs:50:1
    |
 50 | pub(crate) struct OperatorProfileQuestionPayload {
    | ^^^^^^^^^^^^^^^^^^^^^^^^^^^^^^^^^^^^^^^^^^^^^^^^

warning: type `operator_model::model::OperatorProfileProgressPayload` is more private than the item `operator_model::profile::<impl agent::engine::AgentEngine>::next_operator_profile_question_for_session`
   --> crates/amux-daemon/src/agent/operator_model/profile.rs:233:5
    |
233 | /     pub async fn next_operator_profile_question_for_session(
234 | |         &self,
235 | |         session_id: &str,
236 | |     ) -> Result<(
237 | |         Option<OperatorProfileQuestionPayload>,
238 | |         OperatorProfileProgressPayload,
239 | |     )> {
    | |______^ method `operator_model::profile::<impl agent::engine::AgentEngine>::next_operator_profile_question_for_session` is reachable at visibility `pub`
    |
note: but type `operator_model::model::OperatorProfileProgressPayload` is only usable at visibility `pub(crate)`
   --> crates/amux-daemon/src/agent/operator_model/model.rs:60:1
    |
 60 | pub(crate) struct OperatorProfileProgressPayload {
    | ^^^^^^^^^^^^^^^^^^^^^^^^^^^^^^^^^^^^^^^^^^^^^^^^

warning: type `operator_model::model::OperatorProfileQuestionPayload` is more private than the item `operator_model::profile::<impl agent::engine::AgentEngine>::submit_operator_profile_answer`
   --> crates/amux-daemon/src/agent/operator_model/profile.rs:252:5
    |
252 | /     pub async fn submit_operator_profile_answer(
253 | |         &self,
254 | |         session_id: &str,
255 | |         question_id: &str,
...   |
259 | |         OperatorProfileProgressPayload,
260 | |     )> {
    | |______^ method `operator_model::profile::<impl agent::engine::AgentEngine>::submit_operator_profile_answer` is reachable at visibility `pub`
    |
note: but type `operator_model::model::OperatorProfileQuestionPayload` is only usable at visibility `pub(crate)`
   --> crates/amux-daemon/src/agent/operator_model/model.rs:50:1
    |
 50 | pub(crate) struct OperatorProfileQuestionPayload {
    | ^^^^^^^^^^^^^^^^^^^^^^^^^^^^^^^^^^^^^^^^^^^^^^^^

warning: type `operator_model::model::OperatorProfileProgressPayload` is more private than the item `operator_model::profile::<impl agent::engine::AgentEngine>::submit_operator_profile_answer`
   --> crates/amux-daemon/src/agent/operator_model/profile.rs:252:5
    |
252 | /     pub async fn submit_operator_profile_answer(
253 | |         &self,
254 | |         session_id: &str,
255 | |         question_id: &str,
...   |
259 | |         OperatorProfileProgressPayload,
260 | |     )> {
    | |______^ method `operator_model::profile::<impl agent::engine::AgentEngine>::submit_operator_profile_answer` is reachable at visibility `pub`
    |
note: but type `operator_model::model::OperatorProfileProgressPayload` is only usable at visibility `pub(crate)`
   --> crates/amux-daemon/src/agent/operator_model/model.rs:60:1
    |
 60 | pub(crate) struct OperatorProfileProgressPayload {
    | ^^^^^^^^^^^^^^^^^^^^^^^^^^^^^^^^^^^^^^^^^^^^^^^^

warning: type `operator_model::model::OperatorProfileQuestionPayload` is more private than the item `operator_model::profile::<impl agent::engine::AgentEngine>::skip_operator_profile_question`
   --> crates/amux-daemon/src/agent/operator_model/profile.rs:288:5
    |
288 | /     pub async fn skip_operator_profile_question(
289 | |         &self,
290 | |         session_id: &str,
291 | |         question_id: &str,
...   |
295 | |         OperatorProfileProgressPayload,
296 | |     )> {
    | |______^ method `operator_model::profile::<impl agent::engine::AgentEngine>::skip_operator_profile_question` is reachable at visibility `pub`
    |
note: but type `operator_model::model::OperatorProfileQuestionPayload` is only usable at visibility `pub(crate)`
   --> crates/amux-daemon/src/agent/operator_model/model.rs:50:1
    |
 50 | pub(crate) struct OperatorProfileQuestionPayload {
    | ^^^^^^^^^^^^^^^^^^^^^^^^^^^^^^^^^^^^^^^^^^^^^^^^

warning: type `operator_model::model::OperatorProfileProgressPayload` is more private than the item `operator_model::profile::<impl agent::engine::AgentEngine>::skip_operator_profile_question`
   --> crates/amux-daemon/src/agent/operator_model/profile.rs:288:5
    |
288 | /     pub async fn skip_operator_profile_question(
289 | |         &self,
290 | |         session_id: &str,
291 | |         question_id: &str,
...   |
295 | |         OperatorProfileProgressPayload,
296 | |     )> {
    | |______^ method `operator_model::profile::<impl agent::engine::AgentEngine>::skip_operator_profile_question` is reachable at visibility `pub`
    |
note: but type `operator_model::model::OperatorProfileProgressPayload` is only usable at visibility `pub(crate)`
   --> crates/amux-daemon/src/agent/operator_model/model.rs:60:1
    |
 60 | pub(crate) struct OperatorProfileProgressPayload {
    | ^^^^^^^^^^^^^^^^^^^^^^^^^^^^^^^^^^^^^^^^^^^^^^^^

warning: type `operator_model::model::OperatorProfileQuestionPayload` is more private than the item `operator_model::profile::<impl agent::engine::AgentEngine>::defer_operator_profile_question`
   --> crates/amux-daemon/src/agent/operator_model/profile.rs:324:5
    |
324 | /     pub async fn defer_operator_profile_question(
325 | |         &self,
326 | |         session_id: &str,
327 | |         question_id: &str,
...   |
331 | |         OperatorProfileProgressPayload,
332 | |     )> {
    | |______^ method `operator_model::profile::<impl agent::engine::AgentEngine>::defer_operator_profile_question` is reachable at visibility `pub`
    |
note: but type `operator_model::model::OperatorProfileQuestionPayload` is only usable at visibility `pub(crate)`
   --> crates/amux-daemon/src/agent/operator_model/model.rs:50:1
    |
 50 | pub(crate) struct OperatorProfileQuestionPayload {
    | ^^^^^^^^^^^^^^^^^^^^^^^^^^^^^^^^^^^^^^^^^^^^^^^^

warning: type `operator_model::model::OperatorProfileProgressPayload` is more private than the item `operator_model::profile::<impl agent::engine::AgentEngine>::defer_operator_profile_question`
   --> crates/amux-daemon/src/agent/operator_model/profile.rs:324:5
    |
324 | /     pub async fn defer_operator_profile_question(
325 | |         &self,
326 | |         session_id: &str,
327 | |         question_id: &str,
...   |
331 | |         OperatorProfileProgressPayload,
332 | |     )> {
    | |______^ method `operator_model::profile::<impl agent::engine::AgentEngine>::defer_operator_profile_question` is reachable at visibility `pub`
    |
note: but type `operator_model::model::OperatorProfileProgressPayload` is only usable at visibility `pub(crate)`
   --> crates/amux-daemon/src/agent/operator_model/model.rs:60:1
    |
 60 | pub(crate) struct OperatorProfileProgressPayload {
    | ^^^^^^^^^^^^^^^^^^^^^^^^^^^^^^^^^^^^^^^^^^^^^^^^

warning: type `operator_model::model::OperatorProfileCompletionPayload` is more private than the item `operator_model::profile::<impl agent::engine::AgentEngine>::complete_operator_profile_session`
   --> crates/amux-daemon/src/agent/operator_model/profile.rs:409:5
    |
409 | /     pub async fn complete_operator_profile_session(
410 | |         &self,
411 | |         session_id: &str,
412 | |     ) -> Result<OperatorProfileCompletionPayload> {
    | |_________________________________________________^ method `operator_model::profile::<impl agent::engine::AgentEngine>::complete_operator_profile_session` is reachable at visibility `pub`
    |
note: but type `operator_model::model::OperatorProfileCompletionPayload` is only usable at visibility `pub(crate)`
   --> crates/amux-daemon/src/agent/operator_model/model.rs:68:1
    |
 68 | pub(crate) struct OperatorProfileCompletionPayload {
    | ^^^^^^^^^^^^^^^^^^^^^^^^^^^^^^^^^^^^^^^^^^^^^^^^^^

warning: type `PluginCommandEntry` is more private than the item `manager_extras::<impl plugin::PluginManager>::resolve_command`
  --> crates/amux-daemon/src/plugin/manager_extras.rs:84:5
   |
84 |     pub async fn resolve_command(&self, input: &str) -> Option<commands::PluginCommandEntry> {
   |     ^^^^^^^^^^^^^^^^^^^^^^^^^^^^^^^^^^^^^^^^^^^^^^^^^^^^^^^^^^^^^^^^^^^^^^^^^^^^^^^^^^^^^^^^ method `manager_extras::<impl plugin::PluginManager>::resolve_command` is reachable at visibility `pub`
   |
note: but type `PluginCommandEntry` is only usable at visibility `pub(crate)`
  --> crates/amux-daemon/src/plugin/commands.rs:9:1
   |
 9 | pub(crate) struct PluginCommandEntry {
   | ^^^^^^^^^^^^^^^^^^^^^^^^^^^^^^^^^^^^

warning: function `classify_http_failure` is never used
   --> crates/amux-daemon/src/agent/llm_client/api_types.rs:177:4
    |
177 | fn classify_http_failure(
    |    ^^^^^^^^^^^^^^^^^^^^^
    |
    = note: `#[warn(dead_code)]` (part of `#[warn(unused)]`) on by default

warning: method `event_type` is never used
   --> crates/amux-daemon/src/agent/llm_client/openai_responses_protocol.rs:259:19
    |
258 | impl OpenAiResponsesStreamEvent {
    | ------------------------------- method in this implementation
259 |     pub(crate) fn event_type(&self) -> &str {
    |                   ^^^^^^^^^^

warning: function `daemon_message_kind` is never used
 --> crates/amux-daemon/src/agent/tool_executor/managed_helpers.rs:1:4
  |
1 | fn daemon_message_kind(msg: &DaemonMessage) -> &'static str {
  |    ^^^^^^^^^^^^^^^^^^^

warning: function `execute_terminal_python_capture` is never used
   --> crates/amux-daemon/src/agent/tool_executor/managed_helpers.rs:133:10
    |
133 | async fn execute_terminal_python_capture(
    |          ^^^^^^^^^^^^^^^^^^^^^^^^^^^^^^^

warning: function `strip_ansi_codes` is never used
   --> crates/amux-daemon/src/agent/tool_executor/gateway_workspace.rs:353:4
    |
353 | fn strip_ansi_codes(text: &str) -> String {
    |    ^^^^^^^^^^^^^^^^

warning: function `spawned_persona_name` is never used
   --> crates/amux-daemon/src/agent/agent_identity.rs:179:15
    |
179 | pub(super) fn spawned_persona_name(seed: &str) -> &'static str {
    |               ^^^^^^^^^^^^^^^^^^^^

warning: fields `is_durable_goal_task` and `task_type_for_trace` are never read
  --> crates/amux-daemon/src/agent/agent_loop/send_message/types.rs:27:16
   |
 3 | pub(super) struct SendMessageRunner<'a> {
   |                   ----------------- fields in this struct
...
27 |     pub(super) is_durable_goal_task: bool,
   |                ^^^^^^^^^^^^^^^^^^^^
...
32 |     pub(super) task_type_for_trace: String,
   |                ^^^^^^^^^^^^^^^^^^^

warning: function `spawn_transient_transport_failure_server` is never used
   --> crates/amux-daemon/src/agent/agent_loop/tests/mod.rs:406:10
    |
406 | async fn spawn_transient_transport_failure_server(request_counter: Arc<...
    |          ^^^^^^^^^^^^^^^^^^^^^^^^^^^^^^^^^^^^^^^^

warning: fields `program` and `timeout` are never read
  --> crates/amux-daemon/src/agent/tests/aline_startup/support.rs:95:16
   |
94 | pub(super) struct RecordedSpec {
   |                   ------------ fields in this struct
95 |     pub(super) program: String,
   |                ^^^^^^^
96 |     pub(super) args: Vec<String>,
97 |     pub(super) timeout: Duration,
   |                ^^^^^^^
   |
   = note: `RecordedSpec` has derived impls for the traits `Clone` and `Debug`, but these are intentionally ignored during dead code analysis

warning: method `root_path` is never used
   --> crates/amux-daemon/src/agent/tests/aline_startup/support.rs:276:19
    |
275 | impl AlineStartupHarness {
    | ------------------------ method in this implementation
276 |     pub(super) fn root_path(&self) -> &std::path::Path {
    |                   ^^^^^^^^^

warning: constant `GITHUB_COPILOT_DISABLE_GH_CLI_ENV` is never used
 --> crates/amux-daemon/src/agent/copilot_auth.rs:7:7
  |
7 | const GITHUB_COPILOT_DISABLE_GH_CLI_ENV: &str = "TAMUX_GITHUB_COPILOT_DIS...
  |       ^^^^^^^^^^^^^^^^^^^^^^^^^^^^^^^^^

warning: fields `source` and `use_logged_in_user` are never read
  --> crates/amux-daemon/src/agent/copilot_auth.rs:22:9
   |
19 | pub struct ResolvedGithubCopilotAuth {
   |            ------------------------- fields in this struct
...
22 |     pub source: String,
   |         ^^^^^^
23 |     pub use_logged_in_user: bool,
   |         ^^^^^^^^^^^^^^^^^^
   |
   = note: `ResolvedGithubCopilotAuth` has derived impls for the traits `Clone` and `Debug`, but these are intentionally ignored during dead code analysis

warning: enum `GithubCopilotAuthFlowResult` is never used
  --> crates/amux-daemon/src/agent/copilot_auth.rs:36:10
   |
36 | pub enum GithubCopilotAuthFlowResult {
   |          ^^^^^^^^^^^^^^^^^^^^^^^^^^^

warning: function `now_millis` is never used
  --> crates/amux-daemon/src/agent/copilot_auth.rs:42:4
   |
42 | fn now_millis() -> i64 {
   |    ^^^^^^^^^^

warning: function `env_flag_is_enabled` is never used
  --> crates/amux-daemon/src/agent/copilot_auth.rs:49:4
   |
49 | fn env_flag_is_enabled(name: &str) -> bool {
   |    ^^^^^^^^^^^^^^^^^^^

warning: function `stored_from_token` is never used
  --> crates/amux-daemon/src/agent/copilot_auth.rs:83:4
   |
83 | fn stored_from_token(token: String, source: &str) -> StoredGithubCopilot...
   |    ^^^^^^^^^^^^^^^^^

warning: function `gh_cli_token` is never used
  --> crates/amux-daemon/src/agent/copilot_auth.rs:94:4
   |
94 | fn gh_cli_token() -> Option<String> {
   |    ^^^^^^^^^^^^

warning: function `has_github_copilot_auth` is never used
   --> crates/amux-daemon/src/agent/copilot_auth.rs:141:8
    |
141 | pub fn has_github_copilot_auth(api_key: &str, auth_source: AuthSource) ...
    |        ^^^^^^^^^^^^^^^^^^^^^^^

warning: function `begin_github_copilot_auth_flow` is never used
   --> crates/amux-daemon/src/agent/copilot_auth.rs:167:8
    |
167 | pub fn begin_github_copilot_auth_flow() -> Result<GithubCopilotAuthFlow...
    |        ^^^^^^^^^^^^^^^^^^^^^^^^^^^^^^

warning: constant `AGENT_HTTP_CONNECT_TIMEOUT` is never used
  --> crates/amux-daemon/src/agent/engine.rs:89:7
   |
89 | const AGENT_HTTP_CONNECT_TIMEOUT: Duration = Duration::from_secs(15);
   |       ^^^^^^^^^^^^^^^^^^^^^^^^^^

warning: method `provider_is_eligible_for_alternative` is never used
   --> crates/amux-daemon/src/agent/engine.rs:455:14
    |
208 | impl AgentEngine {
    | ---------------- method in this implementation
...
455 |     async fn provider_is_eligible_for_alternative(
    |              ^^^^^^^^^^^^^^^^^^^^^^^^^^^^^^^^^^^^

warning: method `run_structured_heartbeat` is never used
  --> crates/amux-daemon/src/agent/heartbeat.rs:49:25
   |
26 | impl AgentEngine {
   | ---------------- method in this implementation
...
49 |     pub(super) async fn run_structured_heartbeat(&self) -> Result<()> {
   |                         ^^^^^^^^^^^^^^^^^^^^^^^^

warning: method `run_heartbeat` is never used
 --> crates/amux-daemon/src/agent/heartbeat/legacy.rs:4:25
  |
3 | impl AgentEngine {
  | ---------------- method in this implementation
4 |     pub(super) async fn run_heartbeat(&self) -> Result<()> {
  |                         ^^^^^^^^^^^^^

warning: function `complete_browser_auth_with` is never used
   --> crates/amux-daemon/src/agent/openai_codex_auth/flow.rs:332:15
    |
332 | pub(crate) fn complete_browser_auth_with(
    |               ^^^^^^^^^^^^^^^^^^^^^^^^^^

warning: fields `question_id` and `content` are never read
  --> crates/amux-daemon/src/agent/operator_questions.rs:11:5
   |
10 | struct PendingOperatorQuestion {
   |        ----------------------- fields in this struct
11 |     question_id: String,
   |     ^^^^^^^^^^^
12 |     content: String,
   |     ^^^^^^^
   |
   = note: `PendingOperatorQuestion` has derived impls for the traits `Clone` and `Debug`, but these are intentionally ignored during dead code analysis

warning: method `compliance_mode_label` is never used
 --> crates/amux-daemon/src/agent/provenance.rs:6:19
  |
5 | impl AgentEngine {
  | ---------------- method in this implementation
6 |     pub(super) fn compliance_mode_label(&self) -> String {
  |                   ^^^^^^^^^^^^^^^^^^^^^

warning: method `check_lifecycle_promotion_after_settle` is never used
   --> crates/amux-daemon/src/agent/skill_evolution.rs:123:25
    |
  6 | impl AgentEngine {
    | ---------------- method in this implementation
...
123 |     pub(super) async fn check_lifecycle_promotion_after_settle(
    |                         ^^^^^^^^^^^^^^^^^^^^^^^^^^^^^^^^^^^^^^

warning: method `refresh_thread_skill_discovery_state` is never used
  --> crates/amux-daemon/src/agent/skill_preflight.rs:62:25
   |
17 | impl AgentEngine {
   | ---------------- method in this implementation
...
62 |     pub(crate) async fn refresh_thread_skill_discovery_state(
   |                         ^^^^^^^^^^^^^^^^^^^^^^^^^^^^^^^^^^^^

warning: function `candidate_confidence_label` is never used
   --> crates/amux-daemon/src/agent/skill_preflight.rs:646:4
    |
646 | fn candidate_confidence_label(score: f64, cfg: &SkillRecommendationConf...
    |    ^^^^^^^^^^^^^^^^^^^^^^^^^^

warning: field `excerpt` is never read
  --> crates/amux-daemon/src/agent/skill_recommendation/types.rs:34:9
   |
30 | pub(crate) struct SkillRecommendation {
   |                   ------------------- field in this struct
...
34 |     pub excerpt: String,
   |         ^^^^^^^
   |
   = note: `SkillRecommendation` has derived impls for the traits `Clone` and `Debug`, but these are intentionally ignored during dead code analysis

warning: function `read_setting_str` is never used
   --> crates/amux-daemon/src/agent/task_prompt.rs:312:15
    |
312 | pub(super) fn read_setting_str(v: &serde_json::Value, key: &str) -> Str...
    |               ^^^^^^^^^^^^^^^^

warning: function `run_generated_tool_json_wrappers` is never used
   --> crates/amux-daemon/src/agent/tool_synthesis_runtime.rs:388:15
    |
388 | pub(super) fn run_generated_tool_json_wrappers() {}
    |               ^^^^^^^^^^^^^^^^^^^^^^^^^^^^^^^^

warning: variant `RejectBypass` is never constructed
 --> crates/amux-daemon/src/agent/weles_governance/classification.rs:8:5
  |
4 | pub(crate) enum WelesGovernanceClass {
  |                 -------------------- variant in this enum
...
8 |     RejectBypass,
  |     ^^^^^^^^^^^^
  |
  = note: `WelesGovernanceClass` has derived impls for the traits `Clone` and `Debug`, but these are intentionally ignored during dead code analysis

warning: function `spawn_sidecar` is never used
   --> crates/amux-daemon/src/agent/whatsapp_link/sidecar.rs:107:14
    |
107 | pub async fn spawn_sidecar(spec: &SidecarLaunchSpec) -> Result<Child> {
    |              ^^^^^^^^^^^^^

warning: function `start_whatsapp_link_native` is never used
  --> crates/amux-daemon/src/agent/whatsapp_native.rs:39:21
   |
39 | pub(crate) async fn start_whatsapp_link_native(agent: Arc<AgentEngine>) ...
   |                     ^^^^^^^^^^^^^^^^^^^^^^^^^^

warning: function `handle_native_event` is never used
   --> crates/amux-daemon/src/agent/whatsapp_native.rs:111:10
    |
111 | async fn handle_native_event(
    |          ^^^^^^^^^^^^^^^^^^^

warning: function `is_whatsapp_cursor_newer` is never used
  --> crates/amux-daemon/src/agent/whatsapp_native/helpers.rs:77:15
   |
77 | pub(super) fn is_whatsapp_cursor_newer(
   |               ^^^^^^^^^^^^^^^^^^^^^^^^

warning: function `log_whatsapp_allowlist_suppression` is never used
   --> crates/amux-daemon/src/agent/whatsapp_native/helpers.rs:145:15
    |
145 | pub(super) fn log_whatsapp_allowlist_suppression(sender: &str, chat: &s...
    |               ^^^^^^^^^^^^^^^^^^^^^^^^^^^^^^^^^^

warning: function `now_millis_local` is never used
   --> crates/amux-daemon/src/agent/whatsapp_native/helpers.rs:191:25
    |
191 | pub(in crate::agent) fn now_millis_local() -> u64 {
    |                         ^^^^^^^^^^^^^^^^

warning: method `find_linked_episodes` is never used
  --> crates/amux-daemon/src/agent/episodic/links.rs:96:25
   |
41 | impl AgentEngine {
   | ---------------- method in this implementation
...
96 |     pub(crate) async fn find_linked_episodes(
   |                         ^^^^^^^^^^^^^^^^^^^^

warning: function `row_to_episode_plain` is never used
   --> crates/amux-daemon/src/agent/episodic/retrieval.rs:159:4
    |
159 | fn row_to_episode_plain(row: &rusqlite::Row<'_>) -> rusqlite::Result<Ep...
    |    ^^^^^^^^^^^^^^^^^^^^

warning: methods `search_episodes_temporal` and `search_episodes_by_entity` are never used
   --> crates/amux-daemon/src/agent/episodic/retrieval.rs:289:25
    |
212 | impl AgentEngine {
    | ---------------- methods in this implementation
...
289 |     pub(crate) async fn search_episodes_temporal(
    |                         ^^^^^^^^^^^^^^^^^^^^^^^^
...
365 |     pub(crate) async fn search_episodes_by_entity(
    |                         ^^^^^^^^^^^^^^^^^^^^^^^^^

warning: method `get_episode` is never used
   --> crates/amux-daemon/src/agent/episodic/store.rs:382:25
    |
 98 | impl AgentEngine {
    | ---------------- method in this implementation
...
382 |     pub(crate) async fn get_episode(&self, episode_id: &str) -> Result<...
    |                         ^^^^^^^^^^^

warning: constant `USER_SYNC_STATE_CLEAN` is never used
 --> crates/amux-daemon/src/agent/operator_profile/user_sync.rs:9:7
  |
9 | const USER_SYNC_STATE_CLEAN: &str = "clean";
  |       ^^^^^^^^^^^^^^^^^^^^^

warning: constant `USER_SYNC_STATE_DIRTY` is never used
  --> crates/amux-daemon/src/agent/operator_profile/user_sync.rs:10:7
   |
10 | const USER_SYNC_STATE_DIRTY: &str = "dirty";
   |       ^^^^^^^^^^^^^^^^^^^^^

warning: constant `USER_SYNC_STATE_RECONCILING` is never used
  --> crates/amux-daemon/src/agent/operator_profile/user_sync.rs:11:7
   |
11 | const USER_SYNC_STATE_RECONCILING: &str = "reconciling";
   |       ^^^^^^^^^^^^^^^^^^^^^^^^^^^

warning: associated items `as_str` and `from_str` are never used
  --> crates/amux-daemon/src/agent/operator_profile/user_sync.rs:22:29
   |
21 | impl UserProfileSyncState {
   | ------------------------- associated items in this implementation
22 |     pub(in crate::agent) fn as_str(self) -> &'static str {
   |                             ^^^^^^
...
30 |     pub(in crate::agent) fn from_str(value: &str) -> Self {
   |                             ^^^^^^^^

warning: function `checkpoint` is never used
  --> crates/amux-daemon/src/criu.rs:21:8
   |
21 | pub fn checkpoint(pid: u32, dump_dir: &Path) -> Result<bool> {
   |        ^^^^^^^^^^

warning: function `restore` is never used
  --> crates/amux-daemon/src/criu.rs:55:8
   |
55 | pub fn restore(dump_dir: &Path) -> Result<Option<u32>> {
   |        ^^^^^^^

warning: associated function `allow` is never used
   --> crates/amux-daemon/src/governance/types.rs:317:12
    |
316 | impl GovernanceVerdict {
    | ---------------------- associated function in this implementation
317 |     pub fn allow(policy_fingerprint: String, risk_class: RiskClass) -> ...
    |            ^^^^^

warning: function `intervention_level_to_str` is never used
  --> crates/amux-daemon/src/history/task_enums.rs:83:15
   |
83 | pub(super) fn intervention_level_to_str(
   |               ^^^^^^^^^^^^^^^^^^^^^^^^^

warning: function `parse_intervention_level` is never used
  --> crates/amux-daemon/src/history/task_enums.rs:93:15
   |
93 | pub(super) fn parse_intervention_level(value: &str) -> crate::agent::typ...
   |               ^^^^^^^^^^^^^^^^^^^^^^^^

warning: constant `NOTIFICATION_KIND` is never used
 --> crates/amux-daemon/src/notifications.rs:5:11
  |
5 | pub const NOTIFICATION_KIND: &str = "inbox_entry";
  |           ^^^^^^^^^^^^^^^^^

warning: method `target_ids` is never used
  --> crates/amux-daemon/src/orchestration/types.rs:77:12
   |
70 | impl ManagedCommandRunPlan {
   | -------------------------- method in this implementation
...
77 |     pub fn target_ids(&self) -> Vec<String> {
   |            ^^^^^^^^^^

warning: fields `reasons` and `blast_radius` are never read
  --> crates/amux-daemon/src/policy_external.rs:18:9
   |
15 | pub struct PolicyDecision {
   |            -------------- fields in this struct
...
18 |     pub reasons: Vec<String>,
   |         ^^^^^^^
19 |     pub blast_radius: String,
   |         ^^^^^^^^^^^^
   |
   = note: `PolicyDecision` has derived impls for the traits `Clone` and `Debug`, but these are intentionally ignored during dead code analysis

warning: method `name` is never used
  --> crates/amux-daemon/src/policy_external.rs:36:8
   |
34 | pub trait PolicyProvider: Send + Sync {
   |           -------------- method in this trait
35 |     fn evaluate(&self, request: &PolicyRequest) -> Result<PolicyDecision>;
36 |     fn name(&self) -> &'static str;
   |        ^^^^

warning: struct `CerbosPolicyProvider` is never constructed
   --> crates/amux-daemon/src/policy_external.rs:219:12
    |
219 | pub struct CerbosPolicyProvider {
    |            ^^^^^^^^^^^^^^^^^^^^

warning: associated function `new` is never used
   --> crates/amux-daemon/src/policy_external.rs:229:12
    |
228 | impl CerbosPolicyProvider {
    | ------------------------- associated function in this implementation
229 |     pub fn new(endpoint: &str) -> Self {
    |            ^^^

warning: struct `CompositePolicyProvider` is never constructed
   --> crates/amux-daemon/src/policy_external.rs:275:12
    |
275 | pub struct CompositePolicyProvider {
    |            ^^^^^^^^^^^^^^^^^^^^^^^

warning: associated function `new` is never used
   --> crates/amux-daemon/src/policy_external.rs:285:12
    |
284 | impl CompositePolicyProvider {
    | ---------------------------- associated function in this implementation
285 |     pub fn new(providers: Vec<Box<dyn PolicyProvider>>) -> Self {
    |            ^^^

warning: function `create_policy_provider` is never used
   --> crates/amux-daemon/src/policy_external.rs:373:8
    |
373 | pub fn create_policy_provider(cerbos_endpoint: Option<&str>) -> Box<dyn...
    |        ^^^^^^^^^^^^^^^^^^^^^^

warning: struct `SeatbeltSandbox` is never constructed
  --> crates/amux-daemon/src/sandbox.rs:76:12
   |
76 | pub struct SeatbeltSandbox;
   |            ^^^^^^^^^^^^^^^

warning: field `registration` is never read
  --> crates/amux-daemon/src/server/helpers_part1.rs:46:9
   |
45 |     Active {
   |     ------ field in this variant
46 |         registration: GatewayRegistration,
   |         ^^^^^^^^^^^^
   |
   = note: `GatewayConnectionState` has derived impls for the traits `Clone` and `Debug`, but these are intentionally ignored during dead code analysis

warning: method `reset_for_tests` is never used
   --> crates/amux-daemon/src/server/subsystem_metrics.rs:162:19
    |
 38 | impl BackgroundSubsystemMetrics {
    | ------------------------------- method in this implementation
...
162 |     pub(super) fn reset_for_tests(&self) {
    |                   ^^^^^^^^^^^^^^^

warning: field `approval_id` is never read
  --> crates/amux-daemon/src/session_manager.rs:47:5
   |
46 | struct SessionApprovalGrant {
   |        -------------------- field in this struct
47 |     approval_id: String,
   |     ^^^^^^^^^^^
   |
   = note: `SessionApprovalGrant` has a derived impl for the trait `Clone`, but this is intentionally ignored during dead code analysis

warning: methods `restore`, `list`, and `name` are never used
  --> crates/amux-daemon/src/snapshot.rs:37:8
   |
27 | pub trait SnapshotBackend: Send + Sync {
   |           --------------- methods in this trait
...
37 |     fn restore(&self, snapshot_id: &str) -> Result<(bool, String)>;
   |        ^^^^^^^
38 |
39 |     fn list(&self, workspace_id: Option<&str>) -> Result<Vec<SnapshotInf...
   |        ^^^^
40 |
41 |     fn name(&self) -> &'static str;
   |        ^^^^

warning: struct `SnapshotIndex` is never constructed
  --> crates/amux-daemon/src/snapshot.rs:56:8
   |
56 | struct SnapshotIndex {
   |        ^^^^^^^^^^^^^

warning: function `load_index` is never used
  --> crates/amux-daemon/src/snapshot.rs:60:4
   |
60 | fn load_index(index_path: &Path) -> Result<SnapshotIndex> {
   |    ^^^^^^^^^^

warning: field `index_path` is never read
   --> crates/amux-daemon/src/snapshot.rs:200:5
    |
198 | pub struct TarBackend {
    |            ---------- field in this struct
199 |     root: PathBuf,
200 |     index_path: PathBuf,
    |     ^^^^^^^^^^

warning: field `index_path` is never read
   --> crates/amux-daemon/src/snapshot.rs:323:5
    |
320 | pub struct ZfsBackend {
    |            ---------- field in this struct
...
323 |     index_path: PathBuf,
    |     ^^^^^^^^^^

warning: field `index_path` is never read
   --> crates/amux-daemon/src/snapshot.rs:437:5
    |
434 | pub struct BtrfsBackend {
    |            ------------ field in this struct
...
437 |     index_path: PathBuf,
    |     ^^^^^^^^^^

warning: struct `SnapshotStats` is never constructed
  --> crates/amux-daemon/src/snapshot/store.rs:85:12
   |
85 | pub struct SnapshotStats {
   |            ^^^^^^^^^^^^^

warning: function `get_snapshot_stats` is never used
   --> crates/amux-daemon/src/snapshot/store.rs:135:14
    |
135 | pub async fn get_snapshot_stats(history: &HistoryStore) -> Result<Snaps...
    |              ^^^^^^^^^^^^^^^^^^

warning: function `delete_snapshot` is never used
   --> crates/amux-daemon/src/snapshot/store.rs:153:14
    |
153 | pub async fn delete_snapshot(history: &HistoryStore, snapshot_id: &str)...
    |              ^^^^^^^^^^^^^^^

warning: function `cleanup_orphaned_files` is never used
   --> crates/amux-daemon/src/snapshot/store.rs:163:14
    |
163 | pub async fn cleanup_orphaned_files(history: &HistoryStore) -> Result<u...
    |              ^^^^^^^^^^^^^^^^^^^^^^

warning: field `retention` is never read
   --> crates/amux-daemon/src/snapshot/store.rs:190:5
    |
188 | pub struct SnapshotStore {
    |            ------------- field in this struct
189 |     history: HistoryStore,
190 |     retention: SnapshotRetentionConfig,
    |     ^^^^^^^^^
    |
    = note: `SnapshotStore` has a derived impl for the trait `Clone`, but this is intentionally ignored during dead code analysis

warning: methods `set_retention_config`, `retention_config`, `delete`, `stats`, and `cleanup_orphaned` are never used
   --> crates/amux-daemon/src/snapshot/store.rs:201:12
    |
193 | impl SnapshotStore {
    | ------------------ methods in this implementation
...
201 |     pub fn set_retention_config(&mut self, config: SnapshotRetentionCon...
    |            ^^^^^^^^^^^^^^^^^^^^
...
205 |     pub fn retention_config(&self) -> &SnapshotRetentionConfig {
    |            ^^^^^^^^^^^^^^^^
...
289 |     pub async fn delete(&self, snapshot_id: &str) -> Result<bool> {
    |                  ^^^^^^
...
293 |     pub async fn stats(&self) -> Result<SnapshotStats> {
    |                  ^^^^^
...
297 |     pub async fn cleanup_orphaned(&self) -> Result<usize> {
    |                  ^^^^^^^^^^^^^^^^

warning: unused `std::result::Result` that must be used
   --> crates/amux-daemon/src/agent/config/../tests/config/item_and_reconcile.rs:229:13
    |
229 |             engine.reconcile_config_runtime_after_commit().await;
    |             ^^^^^^^^^^^^^^^^^^^^^^^^^^^^^^^^^^^^^^^^^^^^^^^^^^^^
    |
    = note: this `Result` may be an `Err` variant, which should be handled
    = note: `#[warn(unused_must_use)]` (part of `#[warn(unused)]`) on by default
help: use `let _ = ...` to ignore the resulting value
    |
229 |             let _ = engine.reconcile_config_runtime_after_commit().await;
    |             +++++++

warning: call to `.clone()` on a reference in this situation does nothing
   --> crates/amux-daemon/src/history/core.rs:249:28
    |
249 |         let record = record.clone();
    |                            ^^^^^^^^
    |
    = note: the type `history::ManagedHistoryRecord` does not implement `Clone`, so calling `clone` on `&history::ManagedHistoryRecord` copies the reference, which does not do anything and can be removed
    = note: `#[warn(noop_method_call)]` on by default
help: remove this redundant call
    |
249 -         let record = record.clone();
249 +         let record = record;
    |
help: if you meant to clone `history::ManagedHistoryRecord`, implement `Clone` for it
   --> crates/amux-daemon/src/history/mod.rs:52:1
    |
 52 + #[derive(Clone)]
 53 | pub struct ManagedHistoryRecord {
    |

warning: call to `.clone()` on a reference in this situation does nothing
   --> crates/amux-daemon/src/history/provenance.rs:170:28
    |
170 |         let record = record.clone();
    |                            ^^^^^^^^
    |
    = note: the type `history::MemoryProvenanceRecord<'_>` does not implement `Clone`, so calling `clone` on `&history::MemoryProvenanceRecord<'_>` copies the reference, which does not do anything and can be removed
help: remove this redundant call
    |
170 -         let record = record.clone();
170 +         let record = record;
    |
help: if you meant to clone `history::MemoryProvenanceRecord<'_>`, implement `Clone` for it
   --> crates/amux-daemon/src/history/mod.rs:72:1
    |
 72 + #[derive(Clone)]
 73 | pub struct MemoryProvenanceRecord<'a> {
    |

warning: call to `.clone()` on a reference in this situation does nothing
  --> crates/amux-daemon/src/history/skill_generation.rs:81:24
   |
81 |         let path = path.clone();
   |                        ^^^^^^^^
   |
   = note: the type `std::path::Path` does not implement `Clone`, so calling `clone` on `&std::path::Path` copies the reference, which does not do anything and can be removed
help: remove this redundant call
   |
81 -         let path = path.clone();
81 +         let path = path;
   |

warning: call to `.clone()` on a reference in this situation does nothing
   --> crates/amux-daemon/src/history/skill_generation.rs:311:28
    |
311 |         let record = record.clone();
    |                            ^^^^^^^^
    |
    = note: the type `history::SkillVariantConsultationRecord<'_>` does not implement `Clone`, so calling `clone` on `&history::SkillVariantConsultationRecord<'_>` copies the reference, which does not do anything and can be removed
help: remove this redundant call
    |
311 -         let record = record.clone();
311 +         let record = record;
    |
help: if you meant to clone `history::SkillVariantConsultationRecord<'_>`, implement `Clone` for it
   --> crates/amux-daemon/src/history/mod.rs:365:1
    |
365 + #[derive(Clone)]
366 | pub struct SkillVariantConsultationRecord<'a> {
    |

warning: `tamux-daemon` (bin "tamux-daemon" test) generated 171 warnings (run `cargo fix --bin "tamux-daemon" -p tamux-daemon --tests` to apply 52 suggestions)
    Finished `test` profile [unoptimized + debuginfo] target(s) in 24.46s
     Running unittests src/main.rs (target/debug/deps/tamux_daemon-b7621194f4bf873c)

running 1 test

thread 'agent::skill_recommendation::tests::strong_match_without_hard_read_still_recommends_read_skill' (319891) panicked at crates/amux-daemon/src/agent/skill_recommendation/../tests/skill_recommendation.rs:239:5:
assertion `left == right` failed
  left: Weak
 right: Strong
note: run with `RUST_BACKTRACE=1` environment variable to display a backtrace
test agent::skill_recommendation::tests::strong_match_without_hard_read_still_recommends_read_skill ... FAILED

failures:

failures:
    agent::skill_recommendation::tests::strong_match_without_hard_read_still_recommends_read_skill

test result: FAILED. 0 passed; 1 failed; 0 ignored; 0 measured; 2068 filtered out; finished in 0.03s

error: test failed, to rerun pass `-p tamux-daemon --bin tamux-daemon`
